Archive member included because of file (symbol)

c:/program files (x86)/atmel/atmel toolchain/avr8 gcc/native/3.4.1061/avr8-gnu-toolchain/bin/../lib/gcc/avr/4.8.1/avr5\libgcc.a(_exit.o)
                              c:/program files (x86)/atmel/atmel toolchain/avr8 gcc/native/3.4.1061/avr8-gnu-toolchain/bin/../lib/gcc/avr/4.8.1/../../../../avr/lib/avr5/crtm328p.o (exit)
c:/program files (x86)/atmel/atmel toolchain/avr8 gcc/native/3.4.1061/avr8-gnu-toolchain/bin/../lib/gcc/avr/4.8.1/avr5\libgcc.a(_copy_data.o)
                              bsp.o (__do_copy_data)
c:/program files (x86)/atmel/atmel toolchain/avr8 gcc/native/3.4.1061/avr8-gnu-toolchain/bin/../lib/gcc/avr/4.8.1/avr5\libgcc.a(_clear_bss.o)
                              mini_sumo.o (__do_clear_bss)

Allocating common symbols
Common symbol       size              file

AO_Sumo             0x13              mini_sumo.o
QF_maxActive_       0x1               qfn.o
QF_readySet_        0x1               qfn.o

Discarded input sections

 .data          0x00000000        0x0 c:/program files (x86)/atmel/atmel toolchain/avr8 gcc/native/3.4.1061/avr8-gnu-toolchain/bin/../lib/gcc/avr/4.8.1/../../../../avr/lib/avr5/crtm328p.o
 .bss           0x00000000        0x0 c:/program files (x86)/atmel/atmel toolchain/avr8 gcc/native/3.4.1061/avr8-gnu-toolchain/bin/../lib/gcc/avr/4.8.1/../../../../avr/lib/avr5/crtm328p.o
 .text          0x00000000        0x0 bsp.o
 .data          0x00000000        0x0 bsp.o
 .bss           0x00000000        0x0 bsp.o
 .text          0x00000000        0x0 mini_sumo.o
 .data          0x00000000        0x0 mini_sumo.o
 .bss           0x00000000        0x0 mini_sumo.o
 .text          0x00000000        0x0 qepn.o
 .data          0x00000000        0x0 qepn.o
 .bss           0x00000000        0x0 qepn.o
 .text.QHsm_childState_
                0x00000000       0x6c qepn.o
 .progmem.data.QP_versionStr
                0x00000000        0x6 qepn.o
 .text          0x00000000        0x0 qfn.o
 .data          0x00000000        0x0 qfn.o
 .bss           0x00000000        0x0 qfn.o
 .text.QActive_disarmX
                0x00000000       0x2e qfn.o
 .text          0x00000000        0x0 qvn.o
 .data          0x00000000        0x0 qvn.o
 .bss           0x00000000        0x0 qvn.o
 .text          0x00000000        0x0 sumo.o
 .data          0x00000000        0x0 sumo.o
 .bss           0x00000000        0x0 sumo.o
 .text          0x00000000        0x0 c:/program files (x86)/atmel/atmel toolchain/avr8 gcc/native/3.4.1061/avr8-gnu-toolchain/bin/../lib/gcc/avr/4.8.1/avr5\libgcc.a(_exit.o)
 .data          0x00000000        0x0 c:/program files (x86)/atmel/atmel toolchain/avr8 gcc/native/3.4.1061/avr8-gnu-toolchain/bin/../lib/gcc/avr/4.8.1/avr5\libgcc.a(_exit.o)
 .bss           0x00000000        0x0 c:/program files (x86)/atmel/atmel toolchain/avr8 gcc/native/3.4.1061/avr8-gnu-toolchain/bin/../lib/gcc/avr/4.8.1/avr5\libgcc.a(_exit.o)
 .text.libgcc.mul
                0x00000000        0x0 c:/program files (x86)/atmel/atmel toolchain/avr8 gcc/native/3.4.1061/avr8-gnu-toolchain/bin/../lib/gcc/avr/4.8.1/avr5\libgcc.a(_exit.o)
 .text.libgcc.div
                0x00000000        0x0 c:/program files (x86)/atmel/atmel toolchain/avr8 gcc/native/3.4.1061/avr8-gnu-toolchain/bin/../lib/gcc/avr/4.8.1/avr5\libgcc.a(_exit.o)
 .text.libgcc   0x00000000        0x0 c:/program files (x86)/atmel/atmel toolchain/avr8 gcc/native/3.4.1061/avr8-gnu-toolchain/bin/../lib/gcc/avr/4.8.1/avr5\libgcc.a(_exit.o)
 .text.libgcc.prologue
                0x00000000        0x0 c:/program files (x86)/atmel/atmel toolchain/avr8 gcc/native/3.4.1061/avr8-gnu-toolchain/bin/../lib/gcc/avr/4.8.1/avr5\libgcc.a(_exit.o)
 .text.libgcc.builtins
                0x00000000        0x0 c:/program files (x86)/atmel/atmel toolchain/avr8 gcc/native/3.4.1061/avr8-gnu-toolchain/bin/../lib/gcc/avr/4.8.1/avr5\libgcc.a(_exit.o)
 .text.libgcc.fmul
                0x00000000        0x0 c:/program files (x86)/atmel/atmel toolchain/avr8 gcc/native/3.4.1061/avr8-gnu-toolchain/bin/../lib/gcc/avr/4.8.1/avr5\libgcc.a(_exit.o)
 .text.libgcc.fixed
                0x00000000        0x0 c:/program files (x86)/atmel/atmel toolchain/avr8 gcc/native/3.4.1061/avr8-gnu-toolchain/bin/../lib/gcc/avr/4.8.1/avr5\libgcc.a(_exit.o)
 .text          0x00000000        0x0 c:/program files (x86)/atmel/atmel toolchain/avr8 gcc/native/3.4.1061/avr8-gnu-toolchain/bin/../lib/gcc/avr/4.8.1/avr5\libgcc.a(_copy_data.o)
 .data          0x00000000        0x0 c:/program files (x86)/atmel/atmel toolchain/avr8 gcc/native/3.4.1061/avr8-gnu-toolchain/bin/../lib/gcc/avr/4.8.1/avr5\libgcc.a(_copy_data.o)
 .bss           0x00000000        0x0 c:/program files (x86)/atmel/atmel toolchain/avr8 gcc/native/3.4.1061/avr8-gnu-toolchain/bin/../lib/gcc/avr/4.8.1/avr5\libgcc.a(_copy_data.o)
 .text.libgcc.mul
                0x00000000        0x0 c:/program files (x86)/atmel/atmel toolchain/avr8 gcc/native/3.4.1061/avr8-gnu-toolchain/bin/../lib/gcc/avr/4.8.1/avr5\libgcc.a(_copy_data.o)
 .text.libgcc.div
                0x00000000        0x0 c:/program files (x86)/atmel/atmel toolchain/avr8 gcc/native/3.4.1061/avr8-gnu-toolchain/bin/../lib/gcc/avr/4.8.1/avr5\libgcc.a(_copy_data.o)
 .text.libgcc   0x00000000        0x0 c:/program files (x86)/atmel/atmel toolchain/avr8 gcc/native/3.4.1061/avr8-gnu-toolchain/bin/../lib/gcc/avr/4.8.1/avr5\libgcc.a(_copy_data.o)
 .text.libgcc.prologue
                0x00000000        0x0 c:/program files (x86)/atmel/atmel toolchain/avr8 gcc/native/3.4.1061/avr8-gnu-toolchain/bin/../lib/gcc/avr/4.8.1/avr5\libgcc.a(_copy_data.o)
 .text.libgcc.builtins
                0x00000000        0x0 c:/program files (x86)/atmel/atmel toolchain/avr8 gcc/native/3.4.1061/avr8-gnu-toolchain/bin/../lib/gcc/avr/4.8.1/avr5\libgcc.a(_copy_data.o)
 .text.libgcc.fmul
                0x00000000        0x0 c:/program files (x86)/atmel/atmel toolchain/avr8 gcc/native/3.4.1061/avr8-gnu-toolchain/bin/../lib/gcc/avr/4.8.1/avr5\libgcc.a(_copy_data.o)
 .text.libgcc.fixed
                0x00000000        0x0 c:/program files (x86)/atmel/atmel toolchain/avr8 gcc/native/3.4.1061/avr8-gnu-toolchain/bin/../lib/gcc/avr/4.8.1/avr5\libgcc.a(_copy_data.o)
 .text          0x00000000        0x0 c:/program files (x86)/atmel/atmel toolchain/avr8 gcc/native/3.4.1061/avr8-gnu-toolchain/bin/../lib/gcc/avr/4.8.1/avr5\libgcc.a(_clear_bss.o)
 .data          0x00000000        0x0 c:/program files (x86)/atmel/atmel toolchain/avr8 gcc/native/3.4.1061/avr8-gnu-toolchain/bin/../lib/gcc/avr/4.8.1/avr5\libgcc.a(_clear_bss.o)
 .bss           0x00000000        0x0 c:/program files (x86)/atmel/atmel toolchain/avr8 gcc/native/3.4.1061/avr8-gnu-toolchain/bin/../lib/gcc/avr/4.8.1/avr5\libgcc.a(_clear_bss.o)
 .text.libgcc.mul
                0x00000000        0x0 c:/program files (x86)/atmel/atmel toolchain/avr8 gcc/native/3.4.1061/avr8-gnu-toolchain/bin/../lib/gcc/avr/4.8.1/avr5\libgcc.a(_clear_bss.o)
 .text.libgcc.div
                0x00000000        0x0 c:/program files (x86)/atmel/atmel toolchain/avr8 gcc/native/3.4.1061/avr8-gnu-toolchain/bin/../lib/gcc/avr/4.8.1/avr5\libgcc.a(_clear_bss.o)
 .text.libgcc   0x00000000        0x0 c:/program files (x86)/atmel/atmel toolchain/avr8 gcc/native/3.4.1061/avr8-gnu-toolchain/bin/../lib/gcc/avr/4.8.1/avr5\libgcc.a(_clear_bss.o)
 .text.libgcc.prologue
                0x00000000        0x0 c:/program files (x86)/atmel/atmel toolchain/avr8 gcc/native/3.4.1061/avr8-gnu-toolchain/bin/../lib/gcc/avr/4.8.1/avr5\libgcc.a(_clear_bss.o)
 .text.libgcc.builtins
                0x00000000        0x0 c:/program files (x86)/atmel/atmel toolchain/avr8 gcc/native/3.4.1061/avr8-gnu-toolchain/bin/../lib/gcc/avr/4.8.1/avr5\libgcc.a(_clear_bss.o)
 .text.libgcc.fmul
                0x00000000        0x0 c:/program files (x86)/atmel/atmel toolchain/avr8 gcc/native/3.4.1061/avr8-gnu-toolchain/bin/../lib/gcc/avr/4.8.1/avr5\libgcc.a(_clear_bss.o)
 .text.libgcc.fixed
                0x00000000        0x0 c:/program files (x86)/atmel/atmel toolchain/avr8 gcc/native/3.4.1061/avr8-gnu-toolchain/bin/../lib/gcc/avr/4.8.1/avr5\libgcc.a(_clear_bss.o)

Memory Configuration

Name             Origin             Length             Attributes
text             0x00000000         0x00020000         xr
data             0x00800060         0x0000ffa0         rw !x
eeprom           0x00810000         0x00010000         rw !x
fuse             0x00820000         0x00000400         rw !x
lock             0x00830000         0x00000400         rw !x
signature        0x00840000         0x00000400         rw !x
user_signatures  0x00850000         0x00000400         rw !x
*default*        0x00000000         0xffffffff

Linker script and memory map

Address of section .data set to 0x800100
LOAD c:/program files (x86)/atmel/atmel toolchain/avr8 gcc/native/3.4.1061/avr8-gnu-toolchain/bin/../lib/gcc/avr/4.8.1/../../../../avr/lib/avr5/crtm328p.o
LOAD bsp.o
LOAD mini_sumo.o
LOAD qepn.o
LOAD qfn.o
LOAD qvn.o
LOAD sumo.o
START GROUP
LOAD c:/program files (x86)/atmel/atmel toolchain/avr8 gcc/native/3.4.1061/avr8-gnu-toolchain/bin/../lib/gcc/avr/4.8.1/../../../../avr/lib/avr5\libm.a
END GROUP
START GROUP
LOAD c:/program files (x86)/atmel/atmel toolchain/avr8 gcc/native/3.4.1061/avr8-gnu-toolchain/bin/../lib/gcc/avr/4.8.1/avr5\libgcc.a
LOAD c:/program files (x86)/atmel/atmel toolchain/avr8 gcc/native/3.4.1061/avr8-gnu-toolchain/bin/../lib/gcc/avr/4.8.1/../../../../avr/lib/avr5\libm.a
LOAD c:/program files (x86)/atmel/atmel toolchain/avr8 gcc/native/3.4.1061/avr8-gnu-toolchain/bin/../lib/gcc/avr/4.8.1/../../../../avr/lib/avr5\libc.a
END GROUP

.hash
 *(.hash)

.dynsym
 *(.dynsym)

.dynstr
 *(.dynstr)

.gnu.version
 *(.gnu.version)

.gnu.version_d
 *(.gnu.version_d)

.gnu.version_r
 *(.gnu.version_r)

.rel.init
 *(.rel.init)

.rela.init
 *(.rela.init)

.rel.text
 *(.rel.text)
 *(.rel.text.*)
 *(.rel.gnu.linkonce.t*)

.rela.text
 *(.rela.text)
 *(.rela.text.*)
 *(.rela.gnu.linkonce.t*)

.rel.fini
 *(.rel.fini)

.rela.fini
 *(.rela.fini)

.rel.rodata
 *(.rel.rodata)
 *(.rel.rodata.*)
 *(.rel.gnu.linkonce.r*)

.rela.rodata
 *(.rela.rodata)
 *(.rela.rodata.*)
 *(.rela.gnu.linkonce.r*)

.rel.data
 *(.rel.data)
 *(.rel.data.*)
 *(.rel.gnu.linkonce.d*)

.rela.data
 *(.rela.data)
 *(.rela.data.*)
 *(.rela.gnu.linkonce.d*)

.rel.ctors
 *(.rel.ctors)

.rela.ctors
 *(.rela.ctors)

.rel.dtors
 *(.rel.dtors)

.rela.dtors
 *(.rela.dtors)

.rel.got
 *(.rel.got)

.rela.got
 *(.rela.got)

.rel.bss
 *(.rel.bss)

.rela.bss
 *(.rela.bss)

.rel.plt
 *(.rel.plt)

.rela.plt
 *(.rela.plt)

.text           0x00000000     0x13ae
 *(.vectors)
 .vectors       0x00000000       0x68 c:/program files (x86)/atmel/atmel toolchain/avr8 gcc/native/3.4.1061/avr8-gnu-toolchain/bin/../lib/gcc/avr/4.8.1/../../../../avr/lib/avr5/crtm328p.o
                0x00000000                __vector_default
                0x00000000                __vectors
 *(.vectors)
 *(.progmem.gcc*)
                0x00000068                . = ALIGN (0x2)
                0x00000068                __trampolines_start = .
 *(.trampolines)
 .trampolines   0x00000068        0x0 linker stubs
 *(.trampolines*)
                0x00000068                __trampolines_end = .
 *(.progmem*)
 .progmem.data.QF_active
                0x00000068        0xa mini_sumo.o
                0x00000068                QF_active
 .progmem.data.Q_this_module_
                0x00000072        0x5 qepn.o
 .progmem.data.QF_log2Lkup
                0x00000077       0x10 qfn.o
                0x00000077                QF_log2Lkup
 .progmem.data.Q_this_module_
                0x00000087        0x4 qfn.o
 .progmem.data.Q_this_module_
                0x0000008b        0x4 qvn.o
                0x00000090                . = ALIGN (0x2)
 *fill*         0x0000008f        0x1 
 *(.jumptables)
 *(.jumptables*)
 *(.lowtext)
 *(.lowtext*)
                0x00000090                __ctors_start = .
 *(.ctors)
                0x00000090                __ctors_end = .
                0x00000090                __dtors_start = .
 *(.dtors)
                0x00000090                __dtors_end = .
 SORT(*)(.ctors)
 SORT(*)(.dtors)
 *(.init0)
 .init0         0x00000090        0x0 c:/program files (x86)/atmel/atmel toolchain/avr8 gcc/native/3.4.1061/avr8-gnu-toolchain/bin/../lib/gcc/avr/4.8.1/../../../../avr/lib/avr5/crtm328p.o
                0x00000090                __init
 *(.init0)
 *(.init1)
 *(.init1)
 *(.init2)
 .init2         0x00000090        0xc c:/program files (x86)/atmel/atmel toolchain/avr8 gcc/native/3.4.1061/avr8-gnu-toolchain/bin/../lib/gcc/avr/4.8.1/../../../../avr/lib/avr5/crtm328p.o
 *(.init2)
 *(.init3)
 *(.init3)
 *(.init4)
 .init4         0x0000009c       0x16 c:/program files (x86)/atmel/atmel toolchain/avr8 gcc/native/3.4.1061/avr8-gnu-toolchain/bin/../lib/gcc/avr/4.8.1/avr5\libgcc.a(_copy_data.o)
                0x0000009c                __do_copy_data
 .init4         0x000000b2       0x10 c:/program files (x86)/atmel/atmel toolchain/avr8 gcc/native/3.4.1061/avr8-gnu-toolchain/bin/../lib/gcc/avr/4.8.1/avr5\libgcc.a(_clear_bss.o)
                0x000000b2                __do_clear_bss
 *(.init4)
 *(.init5)
 *(.init5)
 *(.init6)
 *(.init6)
 *(.init7)
 *(.init7)
 *(.init8)
 *(.init8)
 *(.init9)
 .init9         0x000000c2        0x8 c:/program files (x86)/atmel/atmel toolchain/avr8 gcc/native/3.4.1061/avr8-gnu-toolchain/bin/../lib/gcc/avr/4.8.1/../../../../avr/lib/avr5/crtm328p.o
 *(.init9)
 *(.text)
 .text          0x000000ca        0x4 c:/program files (x86)/atmel/atmel toolchain/avr8 gcc/native/3.4.1061/avr8-gnu-toolchain/bin/../lib/gcc/avr/4.8.1/../../../../avr/lib/avr5/crtm328p.o
                0x000000ca                __vector_22
                0x000000ca                __vector_1
                0x000000ca                __vector_24
                0x000000ca                __vector_12
                0x000000ca                __bad_interrupt
                0x000000ca                __vector_6
                0x000000ca                __vector_23
                0x000000ca                __vector_25
                0x000000ca                __vector_11
                0x000000ca                __vector_17
                0x000000ca                __vector_19
                0x000000ca                __vector_5
                0x000000ca                __vector_9
                0x000000ca                __vector_2
                0x000000ca                __vector_21
                0x000000ca                __vector_15
                0x000000ca                __vector_8
                0x000000ca                __vector_14
                0x000000ca                __vector_10
                0x000000ca                __vector_16
                0x000000ca                __vector_18
                0x000000ca                __vector_20
                0x000000ce                . = ALIGN (0x2)
 *(.text.*)
 .text.BSP_InitGPIO
                0x000000ce       0x22 bsp.o
                0x000000ce                BSP_InitGPIO
 .text.BSP_InitTimer0
                0x000000f0       0x14 bsp.o
                0x000000f0                BSP_InitTimer0
 .text.BSP_InitADC
                0x00000104       0x1e bsp.o
                0x00000104                BSP_InitADC
 .text.BSP_SetTimer1
                0x00000122       0x2e bsp.o
                0x00000122                BSP_SetTimer1
 .text.BSP_ToggleLed
                0x00000150        0x4 bsp.o
                0x00000150                BSP_ToggleLed
 .text.BSP_LedOn
                0x00000154        0x4 bsp.o
                0x00000154                BSP_LedOn
 .text.BSP_LedOff
                0x00000158        0x4 bsp.o
                0x00000158                BSP_LedOff
 .text.BSP_Stop
                0x0000015c        0xe bsp.o
                0x0000015c                BSP_Stop
 .text.BSP_GoForward
                0x0000016a       0x12 bsp.o
                0x0000016a                BSP_GoForward
 .text.BSP_GoBack
                0x0000017c       0x12 bsp.o
                0x0000017c                BSP_GoBack
 .text.BSP_TurnRight
                0x0000018e       0x10 bsp.o
                0x0000018e                BSP_TurnRight
 .text.BSP_TurnLeft
                0x0000019e       0x10 bsp.o
                0x0000019e                BSP_TurnLeft
 .text.BSP_TurnSpeed
                0x000001ae       0x44 bsp.o
                0x000001ae                BSP_TurnSpeed
 .text.BSP_ReadMode
                0x000001f2        0xe bsp.o
                0x000001f2                BSP_ReadMode
 .text.BSP_ReadOpSensors
                0x00000200       0x70 bsp.o
                0x00000200                BSP_ReadOpSensors
 .text.main     0x00000270       0x18 mini_sumo.o
                0x00000270                main
 .text.__vector_7
                0x00000288       0x4a mini_sumo.o
                0x00000288                __vector_7
 .text.__vector_13
                0x000002d2       0x74 mini_sumo.o
                0x000002d2                __vector_13
 .text.__vector_3
                0x00000346       0x62 mini_sumo.o
                0x00000346                __vector_3
 .text.__vector_4
                0x000003a8       0x9c mini_sumo.o
                0x000003a8                __vector_4
 .text.QF_onStartup
                0x00000444       0x32 mini_sumo.o
                0x00000444                QF_onStartup
 .text.QV_onIdle
                0x00000476        0xc mini_sumo.o
                0x00000476                QV_onIdle
 .text.Q_onAssert
                0x00000482        0x8 mini_sumo.o
                0x00000482                Q_onAssert
 .text.QHsm_top
                0x0000048a        0x4 qepn.o
                0x0000048a                QHsm_top
 .text.QHsm_init_
                0x0000048e      0x16a qepn.o
                0x0000048e                QHsm_init_
 .text.QHsm_dispatch_
                0x000005f8      0x39e qepn.o
                0x000005f8                QHsm_dispatch_
 .text.QHsm_ctor
                0x00000996       0x18 qepn.o
                0x00000996                QHsm_ctor
 .text.QActive_postX_
                0x000009ae      0x100 qfn.o
                0x000009ae                QActive_postX_
 .text.QActive_postXISR_
                0x00000aae       0xfc qfn.o
                0x00000aae                QActive_postXISR_
 .text.QActive_ctor
                0x00000baa       0x18 qfn.o
                0x00000baa                QActive_ctor
 .text.QF_init  0x00000bc2       0x76 qfn.o
                0x00000bc2                QF_init
 .text.QF_tickXISR
                0x00000c38       0x8a qfn.o
                0x00000c38                QF_tickXISR
 .text.QActive_armX
                0x00000cc2       0x2e qfn.o
                0x00000cc2                QActive_armX
 .text.QF_run   0x00000cf0      0x18e qvn.o
                0x00000cf0                QF_run
 .text.Sumo_edge
                0x00000e7e       0x38 sumo.o
                0x00000e7e                Sumo_edge
 .text.Sumo_wait
                0x00000eb6       0x5c sumo.o
                0x00000eb6                Sumo_wait
 .text.Sumo_hold
                0x00000f12       0x3c sumo.o
                0x00000f12                Sumo_hold
 .text.Sumo_combat
                0x00000f4e       0x96 sumo.o
                0x00000f4e                Sumo_combat
 .text.Sumo_normal
                0x00000fe4       0x32 sumo.o
                0x00000fe4                Sumo_normal
 .text.Sumo_evade
                0x00001016       0x42 sumo.o
                0x00001016                Sumo_evade
 .text.Sumo_start
                0x00001058       0x4c sumo.o
                0x00001058                Sumo_start
 .text.Sumo_attack
                0x000010a4       0x3e sumo.o
                0x000010a4                Sumo_attack
 .text.Sumo_search
                0x000010e2       0x8a sumo.o
                0x000010e2                Sumo_search
 .text.Sumo_evade_right
                0x0000116c       0x1e sumo.o
                0x0000116c                Sumo_evade_right
 .text.Sumo_evade_left
                0x0000118a       0x1e sumo.o
                0x0000118a                Sumo_evade_left
 .text.Sumo_evaded
                0x000011a8       0x40 sumo.o
                0x000011a8                Sumo_evaded
 .text.Sumo_is_back
                0x000011e8       0x26 sumo.o
                0x000011e8                Sumo_is_back
 .text.Sumo_is_left
                0x0000120e       0x26 sumo.o
                0x0000120e                Sumo_is_left
 .text.Sumo_is_right
                0x00001234       0x26 sumo.o
                0x00001234                Sumo_is_right
 .text.Sumo_turn
                0x0000125a       0x5e sumo.o
                0x0000125a                Sumo_turn
 .text.Sumo_read
                0x000012b8       0x80 sumo.o
                0x000012b8                Sumo_read
 .text.Sumo_back
                0x00001338       0x46 sumo.o
                0x00001338                Sumo_back
 .text.Sumo_strafe
                0x0000137e       0x1e sumo.o
                0x0000137e                Sumo_strafe
 .text.Sumo_initial
                0x0000139c        0xe sumo.o
                0x0000139c                Sumo_initial
                0x000013aa                . = ALIGN (0x2)
 *(.fini9)
 .fini9         0x000013aa        0x0 c:/program files (x86)/atmel/atmel toolchain/avr8 gcc/native/3.4.1061/avr8-gnu-toolchain/bin/../lib/gcc/avr/4.8.1/avr5\libgcc.a(_exit.o)
                0x000013aa                _exit
                0x000013aa                exit
 *(.fini9)
 *(.fini8)
 *(.fini8)
 *(.fini7)
 *(.fini7)
 *(.fini6)
 *(.fini6)
 *(.fini5)
 *(.fini5)
 *(.fini4)
 *(.fini4)
 *(.fini3)
 *(.fini3)
 *(.fini2)
 *(.fini2)
 *(.fini1)
 *(.fini1)
 *(.fini0)
 .fini0         0x000013aa        0x4 c:/program files (x86)/atmel/atmel toolchain/avr8 gcc/native/3.4.1061/avr8-gnu-toolchain/bin/../lib/gcc/avr/4.8.1/avr5\libgcc.a(_exit.o)
 *(.fini0)
                0x000013ae                _etext = .

.data           0x00800100       0x10 load address 0x000013ae
                0x00800100                PROVIDE (__data_start, .)
 *(.data)
 *(.data*)
 *(.rodata)
 *(.rodata*)
 .rodata.min_range.1893
                0x00800100        0x3 bsp.o
 .rodata.vtbl.1769
                0x00800103        0x4 qepn.o
 .rodata.vtbl.1768
                0x00800107        0x8 qfn.o
 *(.gnu.linkonce.d*)
                0x00800110                . = ALIGN (0x2)
 *fill*         0x0080010f        0x1 
                0x00800110                _edata = .
                0x00800110                PROVIDE (__data_end, .)

.bss            0x00800110       0x3d
                0x00800110                PROVIDE (__bss_start, .)
 *(.bss)
 *(.bss*)
 .bss.l_sumoQSto
                0x00800110       0x28 mini_sumo.o
 *(COMMON)
 COMMON         0x00800138       0x13 mini_sumo.o
                0x00800138                AO_Sumo
 COMMON         0x0080014b        0x2 qfn.o
                0x0080014b                QF_maxActive_
                0x0080014c                QF_readySet_
                0x0080014d                PROVIDE (__bss_end, .)
                0x000013ae                __data_load_start = LOADADDR (.data)
                0x000013be                __data_load_end = (__data_load_start + SIZEOF (.data))

.noinit         0x0080014d        0x0
                0x0080014d                PROVIDE (__noinit_start, .)
 *(.noinit*)
                0x0080014d                PROVIDE (__noinit_end, .)
                0x0080014d                _end = .
                0x0080014d                PROVIDE (__heap_start, .)

.eeprom         0x00810000        0x0
 *(.eeprom*)
                0x00810000                __eeprom_end = .

.fuse
 *(.fuse)
 *(.lfuse)
 *(.hfuse)
 *(.efuse)

.lock
 *(.lock*)

.signature
 *(.signature*)

.user_signatures
 *(.user_signatures*)

.stab
 *(.stab)

.stabstr
 *(.stabstr)

.stab.excl
 *(.stab.excl)

.stab.exclstr
 *(.stab.exclstr)

.stab.index
 *(.stab.index)

.stab.indexstr
 *(.stab.indexstr)

.comment        0x00000000       0x30
 *(.comment)
 .comment       0x00000000       0x30 bsp.o
                                 0x31 (size before relaxing)
 .comment       0x00000000       0x31 mini_sumo.o
 .comment       0x00000000       0x31 qepn.o
 .comment       0x00000000       0x31 qfn.o
 .comment       0x00000000       0x31 qvn.o
 .comment       0x00000000       0x31 sumo.o

.note.gnu.build-id
 *(.note.gnu.build-id)

.debug
 *(.debug)

.line
 *(.line)

.debug_srcinfo
 *(.debug_srcinfo)

.debug_sfnames
 *(.debug_sfnames)

.debug_aranges  0x00000000      0x250
 *(.debug_aranges)
 .debug_aranges
                0x00000000       0x90 bsp.o
 .debug_aranges
                0x00000090       0x58 mini_sumo.o
 .debug_aranges
                0x000000e8       0x40 qepn.o
 .debug_aranges
                0x00000128       0x50 qfn.o
 .debug_aranges
                0x00000178       0x20 qvn.o
 .debug_aranges
                0x00000198       0xb8 sumo.o

.debug_pubnames
 *(.debug_pubnames)

.debug_info     0x00000000     0x33e7
 *(.debug_info .gnu.linkonce.wi.*)
 .debug_info    0x00000000      0x664 bsp.o
 .debug_info    0x00000664      0x7ab mini_sumo.o
 .debug_info    0x00000e0f      0x922 qepn.o
 .debug_info    0x00001731      0x971 qfn.o
 .debug_info    0x000020a2      0x613 qvn.o
 .debug_info    0x000026b5      0xd32 sumo.o

.debug_abbrev   0x00000000      0xd8f
 *(.debug_abbrev)
 .debug_abbrev  0x00000000      0x1c9 bsp.o
 .debug_abbrev  0x000001c9      0x25e mini_sumo.o
 .debug_abbrev  0x00000427      0x2aa qepn.o
 .debug_abbrev  0x000006d1      0x298 qfn.o
 .debug_abbrev  0x00000969      0x1c7 qvn.o
 .debug_abbrev  0x00000b30      0x25f sumo.o

.debug_line     0x00000000      0xaca
 *(.debug_line .debug_line.* .debug_line_end)
 .debug_line    0x00000000      0x1fb bsp.o
 .debug_line    0x000001fb      0x156 mini_sumo.o
 .debug_line    0x00000351      0x20e qepn.o
 .debug_line    0x0000055f      0x194 qfn.o
 .debug_line    0x000006f3      0x111 qvn.o
 .debug_line    0x00000804      0x2c6 sumo.o

.debug_frame    0x00000000      0x648
 *(.debug_frame)
 .debug_frame   0x00000000      0x110 bsp.o
 .debug_frame   0x00000110      0x1b4 mini_sumo.o
 .debug_frame   0x000002c4       0xfc qepn.o
 .debug_frame   0x000003c0       0xd4 qfn.o
 .debug_frame   0x00000494       0x24 qvn.o
 .debug_frame   0x000004b8      0x190 sumo.o

.debug_str      0x00000000      0x80a
 *(.debug_str)
 .debug_str     0x00000000      0x3f7 bsp.o
                                0x44d (size before relaxing)
 .debug_str     0x000003f7      0x137 mini_sumo.o
                                0x4ae (size before relaxing)
 .debug_str     0x0000052e      0x131 qepn.o
                                0x395 (size before relaxing)
 .debug_str     0x0000065f       0x9c qfn.o
                                0x3d7 (size before relaxing)
 .debug_str     0x000006fb        0xb qvn.o
                                0x2dd (size before relaxing)
 .debug_str     0x00000706      0x104 sumo.o
                                0x5f8 (size before relaxing)

.debug_loc      0x00000000     0x224e
 *(.debug_loc)
 .debug_loc     0x00000000      0x1cc bsp.o
 .debug_loc     0x000001cc      0x34a mini_sumo.o
 .debug_loc     0x00000516      0x79f qepn.o
 .debug_loc     0x00000cb5      0x719 qfn.o
 .debug_loc     0x000013ce      0x252 qvn.o
 .debug_loc     0x00001620      0xc2e sumo.o

.debug_macinfo
 *(.debug_macinfo)

.debug_weaknames
 *(.debug_weaknames)

.debug_funcnames
 *(.debug_funcnames)

.debug_typenames
 *(.debug_typenames)

.debug_varnames
 *(.debug_varnames)

.debug_pubtypes
 *(.debug_pubtypes)

.debug_ranges   0x00000000      0x238
 *(.debug_ranges)
 .debug_ranges  0x00000000       0x80 bsp.o
 .debug_ranges  0x00000080       0x48 mini_sumo.o
 .debug_ranges  0x000000c8       0x60 qepn.o
 .debug_ranges  0x00000128       0x40 qfn.o
 .debug_ranges  0x00000168       0x28 qvn.o
 .debug_ranges  0x00000190       0xa8 sumo.o

.debug_macro
 *(.debug_macro)
OUTPUT(mini_sumo.elf elf32-avr)
LOAD linker stubs
